assert-always-false
assert-always-true
confusable-capture-reassignment
confusable-identifier
confusable-local-declaration
confusable-local-usage
constant-used-as-function
deprecated-keyword
empty-file
enum-variable-without-default
function-used-as-property
get-node-default-without-onready
incompatible-ternary
inference-on-variant
inferred-declaration
int-as-enum-without-cast
int-as-enum-without-match
integer-division
max-line-length
missing-await
missing-tool
narrowing-conversion
native-method-override
no-tabs
onready-with-export
property-used-as-function
redundant-await
redundant-static-unload
return-value-discarded
shadowed-global-identifier
shadowed-variable
shadowed-variable-base-class
spaces-around-operator
standalone-expression
standalone-ternary
static-called-on-instance
todo-comment
trailing-whitespace
unassigned-variable
unassigned-variable-op-assign
unreachable-code
unreachable-pattern
unsafe-call-argument
unsafe-cast
unsafe-method-access
unsafe-property-access
unsafe-void-return
untyped-declaration
unused-local-constant
unused-parameter
unused-private-class-variable
unused-signal
unused-variable
